[    0.000000] Initializing cgroup subsys cpuset
[    0.000000] Initializing cgroup subsys cpu
[    0.000000] Initializing cgroup subsys cpuacct
[    0.000000] Linux version 4.4.0-165-generic (buildd@lgw01-amd64-027) (gcc version 5.4.0 20160609 (Ubuntu 5.4.0-6ubuntu1~16.04.10) ) #193-Ubuntu SMP Tue Sep 17 17:42:52 UTC 2019 (Ubuntu 4.4.0-165.193-generic 4.4.189)
[    0.000000] Command line: BOOT_IMAGE=/boot/vmlinuz-4.4.0-165-generic root=LABEL=cloudimg-rootfs ro console=tty1 console=ttyS0
[    0.000000] KERNEL supported cpus:
[    0.000000]   Intel GenuineIntel
[    0.000000]   AMD AuthenticAMD
[    0.000000]   Centaur CentaurHauls
[    0.000000] ------------[ cut here ]------------
[    0.000000] WARNING: CPU: 0 PID: 0 at /build/linux-ck91bl/linux-4.4.0/arch/x86/kernel/fpu/xstate.c:517 fpu__init_system_xstate+0x37e/0x764()
[    0.000000] XSAVE consistency problem, dumping leaves
[    0.000000] Modules linked in:
[    0.000000] CPU: 0 PID: 0 Comm: swapper Not tainted 4.4.0-165-generic #193-Ubuntu
[    0.000000]  0000000000000086 93f8cb34a50019b2 ffffffff81e03d70 ffffffff8140c201
[    0.000000]  ffffffff81e03db8 ffffffff81cb36f8 ffffffff81e03da8 ffffffff810864e2
[    0.000000]  0000000000000008 0000000000000340 0000000000000100 ffffffff81e03e3c
[    0.000000] Call Trace:
[    0.000000]  [<ffffffff8140c201>] dump_stack+0x63/0x82
[    0.000000]  [<ffffffff810864e2>] warn_slowpath_common+0x82/0xc0
[    0.000000]  [<ffffffff8108657c>] warn_slowpath_fmt+0x5c/0x80
[    0.000000]  [<ffffffff81081f94>] ? xfeature_size+0x59/0x77
[    0.000000]  [<ffffffff81f78325>] fpu__init_system_xstate+0x37e/0x764
[    0.000000]  [<ffffffff81f68120>] ? early_idt_handler_array+0x120/0x120
[    0.000000]  [<ffffffff81f77d2e>] fpu__init_system+0x1e7/0x28e
[    0.000000]  [<ffffffff81f78f9a>] early_cpu_init+0x276/0x27c
[    0.000000]  [<ffffffff81f78f9a>] ? early_cpu_init+0x276/0x27c
[    0.000000]  [<ffffffff81f742d1>] setup_arch+0xc0/0xd1f
[    0.000000]  [<ffffffff81f68120>] ? early_idt_handler_array+0x120/0x120
[    0.000000]  [<ffffffff81f68c75>] start_kernel+0xe2/0x4a4
[    0.000000]  [<ffffffff81f68120>] ? early_idt_handler_array+0x120/0x120
[    0.000000]  [<ffffffff81f68339>] x86_64_start_reservations+0x2a/0x2c
[    0.000000]  [<ffffffff81f68485>] x86_64_start_kernel+0x14a/0x16d
[    0.000000] ---[ end trace 4d5ff9f2f68c4233 ]---
[    0.000000] CPUID[0d, 00]: eax=00000007 ebx=00000440 ecx=00000440 edx=00000000
[    0.000000] CPUID[0d, 01]: eax=00000000 ebx=00000440 ecx=00000000 edx=00000000
[    0.000000] CPUID[0d, 02]: eax=00000100 ebx=00000240 ecx=00000000 edx=00000000
[    0.000000] CPUID[0d, 03]: eax=00000000 ebx=00000000 ecx=00000000 edx=00000000
[    0.000000] CPUID[0d, 04]: eax=00000000 ebx=00000000 ecx=00000000 edx=00000000
[    0.000000] CPUID[0d, 05]: eax=00000000 ebx=00000000 ecx=00000000 edx=00000000
[    0.000000] CPUID[0d, 06]: eax=00000000 ebx=00000000 ecx=00000000 edx=00000000
[    0.000000] CPUID[0d, 07]: eax=00000000 ebx=00000000 ecx=00000000 edx=00000000
[    0.000000] CPUID[0d, 08]: eax=00000000 ebx=00000000 ecx=00000000 edx=00000000
[    0.000000] CPUID[0d, 09]: eax=00000000 ebx=00000000 ecx=00000000 edx=00000000
[    0.000000] CPUID[0d, 0a]: eax=00000000 ebx=00000000 ecx=00000000 edx=00000000
[    0.000000] CPUID[0d, 0b]: eax=00000000 ebx=00000000 ecx=00000000 edx=00000000
[    0.000000] CPUID[0d, 0c]: eax=00000000 ebx=00000000 ecx=00000000 edx=00000000
[    0.000000] CPUID[0d, 0d]: eax=00000000 ebx=00000000 ecx=00000000 edx=00000000
[    0.000000] CPUID[0d, 0e]: eax=00000000 ebx=00000000 ecx=00000000 edx=00000000
[    0.000000] CPUID[0d, 0f]: eax=00000000 ebx=00000000 ecx=00000000 edx=00000000
[    0.000000] CPUID[0d, 10]: eax=00000000 ebx=00000000 ecx=00000000 edx=00000000
[    0.000000] CPUID[0d, 11]: eax=00000000 ebx=00000000 ecx=00000000 edx=00000000
[    0.000000] x86/fpu: xstate_offset[2]:  576, xstate_sizes[2]:  256
[    0.000000] x86/fpu: Supporting XSAVE feature 0x01: 'x87 floating point registers'
[    0.000000] x86/fpu: Supporting XSAVE feature 0x02: 'SSE registers'
[    0.000000] x86/fpu: Supporting XSAVE feature 0x04: 'AVX registers'
[    0.000000] x86/fpu: Enabled xstate features 0x7, context size is 1088 bytes, using 'standard' format.
[    0.000000] e820: BIOS-provided physical RAM map:
[    0.000000] BIOS-e820: [mem 0x0000000000000000-0x000000000009fbff] usable
[    0.000000] BIOS-e820: [mem 0x000000000009fc00-0x000000000009ffff] reserved
[    0.000000] BIOS-e820: [mem 0x00000000000f0000-0x00000000000fffff] reserved
[    0.000000] BIOS-e820: [mem 0x0000000000100000-0x000000003ffeffff] usable
[    0.000000] BIOS-e820: [mem 0x000000003fff0000-0x000000003fffffff] ACPI data
[    0.000000] BIOS-e820: [mem 0x00000000fec00000-0x00000000fec00fff] reserved
[    0.000000] BIOS-e820: [mem 0x00000000fee00000-0x00000000fee00fff] reserved
[    0.000000] BIOS-e820: [mem 0x00000000fffc0000-0x00000000ffffffff] reserved
[    0.000000] NX (Execute Disable) protection: active
[    0.000000] SMBIOS 2.5 present.
[    0.000000] Hypervisor detected: KVM
[    0.000000] e820: last_pfn = 0x3fff0 max_arch_pfn = 0x400000000
[    0.000000] MTRR: Disabled
[    0.000000] x86/PAT: MTRRs disabled, skipping PAT initialization too.
[    0.000000] CPU MTRRs all blank - virtualized system.
[    0.000000] x86/PAT: Configuration [0-7]: WB  WT  UC- UC  WB  WT  UC- UC  
[    0.000000] found SMP MP-table at [mem 0x0009fff0-0x0009ffff] mapped at [ffff88000009fff0]
[    0.000000] Scanning 1 areas for low memory corruption
[    0.000000] RAMDISK: [mem 0x362fa000-0x37174fff]
[    0.000000] ACPI: Early table checksum verification disabled
[    0.000000] ACPI: RSDP 0x00000000000E0000 000024 (v02 VBOX  )
[    0.000000] ACPI: XSDT 0x000000003FFF0030 00003C (v01 VBOX   VBOXXSDT 00000001 ASL  00000061)
[    0.000000] ACPI: FACP 0x000000003FFF00F0 0000F4 (v04 VBOX   VBOXFACP 00000001 ASL  00000061)
[    0.000000] ACPI: DSDT 0x000000003FFF0470 0021FF (v02 VBOX   VBOXBIOS 00000002 INTL 20100528)
[    0.000000] ACPI: FACS 0x000000003FFF0200 000040
[    0.000000] ACPI: FACS 0x000000003FFF0200 000040
[    0.000000] ACPI: APIC 0x000000003FFF0240 00005C (v02 VBOX   VBOXAPIC 00000001 ASL  00000061)
[    0.000000] ACPI: SSDT 0x000000003FFF02A0 0001CC (v01 VBOX   VBOXCPUT 00000002 INTL 20100528)
[    0.000000] No NUMA configuration found
[    0.000000] Faking a node at [mem 0x0000000000000000-0x000000003ffeffff]
[    0.000000] NODE_DATA(0) allocated [mem 0x3ffeb000-0x3ffeffff]
[    0.000000] kvm-clock: Using msrs 4b564d01 and 4b564d00
[    0.000000] kvm-clock: cpu 0, msr 0:3ffe3001, primary cpu clock
[    0.000000] kvm-clock: using sched offset of 4566754874 cycles
[    0.000000] clocksource: kvm-clock: mask: 0xffffffffffffffff max_cycles: 0x1cd42e4dffb, max_idle_ns: 881590591483 ns
[    0.000000] Zone ranges:
[    0.000000]   DMA      [mem 0x0000000000001000-0x0000000000ffffff]
[    0.000000]   DMA32    [mem 0x0000000001000000-0x000000003ffeffff]
[    0.000000]   Normal   empty
[    0.000000]   Device   empty
[    0.000000] Movable zone start for each node
[    0.000000] Early memory node ranges
[    0.000000]   node   0: [mem 0x0000000000001000-0x000000000009efff]
[    0.000000]   node   0: [mem 0x0000000000100000-0x000000003ffeffff]
[    0.000000] Initmem setup node 0 [mem 0x0000000000001000-0x000000003ffeffff]
[    0.000000] ACPI: PM-Timer IO Port: 0x4008
[    0.000000] IOAPIC[0]: apic_id 2, version 32, address 0xfec00000, GSI 0-23
[    0.000000] ACPI: INT_SRC_OVR (bus 0 bus_irq 0 global_irq 2 dfl dfl)
[    0.000000] ACPI: INT_SRC_OVR (bus 0 bus_irq 9 global_irq 9 high level)
[    0.000000] Using ACPI (MADT) for SMP configuration information
[    0.000000] smpboot: Allowing 2 CPUs, 0 hotplug CPUs
[    0.000000] PM: Registered nosave memory: [mem 0x00000000-0x00000fff]
[    0.000000] PM: Registered nosave memory: [mem 0x0009f000-0x0009ffff]
[    0.000000] PM: Registered nosave memory: [mem 0x000a0000-0x000effff]
[    0.000000] PM: Registered nosave memory: [mem 0x000f0000-0x000fffff]
[    0.000000] e820: [mem 0x40000000-0xfebfffff] available for PCI devices
[    0.000000] Booting paravirtualized kernel on KVM
[    0.000000] clocksource: refined-jiffies: mask: 0xffffffff max_cycles: 0xffffffff, max_idle_ns: 7645519600211568 ns
[    0.000000] setup_percpu: NR_CPUS:512 nr_cpumask_bits:512 nr_cpu_ids:2 nr_node_ids:1
[    0.000000] PERCPU: Embedded 34 pages/cpu @ffff88003fc00000 s99544 r8192 d31528 u1048576
[    0.000000] Built 1 zonelists in Node order, mobility grouping on.  Total pages: 257912
[    0.000000] Policy zone: DMA32
[    0.000000] Kernel command line: BOOT_IMAGE=/boot/vmlinuz-4.4.0-165-generic root=LABEL=cloudimg-rootfs ro console=tty1 console=ttyS0
[    0.000000] PID hash table entries: 4096 (order: 3, 32768 bytes)
[    0.000000] Memory: 997732K/1048120K available (8621K kernel code, 1335K rwdata, 4032K rodata, 1484K init, 1284K bss, 50388K reserved, 0K cma-reserved)
[    0.000000] SLUB: HWalign=64, Order=0-3, MinObjects=0, CPUs=2, Nodes=1
[    0.000000] Kernel/User page tables isolation: enabled
[    0.000000] Hierarchical RCU implementation.
[    0.000000] 	Build-time adjustment of leaf fanout to 64.
[    0.000000] 	RCU restricting CPUs from NR_CPUS=512 to nr_cpu_ids=2.
[    0.000000] RCU: Adjusting geometry for rcu_fanout_leaf=64, nr_cpu_ids=2
[    0.000000] NR_IRQS:33024 nr_irqs:440 16
[    0.000000] Console: colour VGA+ 80x25
[    0.000000] console [tty1] enabled
[    0.000000] console [ttyS0] enabled
[    0.000000] tsc: Detected 2712.000 MHz processor
[    8.427557] Calibrating delay loop (skipped) preset value.. 5424.00 BogoMIPS (lpj=10848000)
[    8.431164] pid_max: default: 32768 minimum: 301
[    8.472486] ACPI: Core revision 20150930
[    8.529954] ACPI: 2 ACPI AML tables successfully acquired and loaded
[    8.597710] Security Framework initialized
[    8.674467] Yama: becoming mindful.
[    8.724525] AppArmor: AppArmor initialized
[    8.801239] Dentry cache hash table entries: 131072 (order: 8, 1048576 bytes)
[    8.961085] Inode-cache hash table entries: 65536 (order: 7, 524288 bytes)
[    9.047161] Mount-cache hash table entries: 2048 (order: 2, 16384 bytes)
[    9.093892] Mountpoint-cache hash table entries: 2048 (order: 2, 16384 bytes)
[    9.134974] Initializing cgroup subsys io
[    9.154595] Initializing cgroup subsys memory
[    9.165102] Initializing cgroup subsys devices
[    9.168861] Initializing cgroup subsys freezer
[    9.175398] Initializing cgroup subsys net_cls
[    9.177654] Initializing cgroup subsys perf_event
[    9.180007] Initializing cgroup subsys net_prio
[    9.190055] Initializing cgroup subsys hugetlb
[    9.192863] Initializing cgroup subsys pids
[    9.212803] mce: CPU supports 0 MCE banks
[    9.245668] Last level iTLB entries: 4KB 64, 2MB 8, 4MB 8
[    9.325438] Last level dTLB entries: 4KB 64, 2MB 0, 4MB 0, 1GB 4
[    9.404899] Spectre V1 : Mitigation: usercopy/swapgs barriers and __user pointer sanitization
[    9.506449] Spectre V2 : Mitigation: Full generic retpoline
[    9.572717] Spectre V2 : Spectre v2 / SpectreRSB mitigation: Filling RSB on context switch
[    9.736522] Speculative Store Bypass: Vulnerable
[    9.826333] MDS: Vulnerable: Clear CPU buffers attempted, no microcode
[    9.937661] Freeing SMP alternatives memory: 36K
[   10.008551] ftrace: allocating 32318 entries in 127 pages
[   10.133538] smpboot: APIC(0) Converting physical 0 to logical package 0
[   10.153722] smpboot: Max logical packages: 1
[   10.170396] x2apic enabled
[   10.188976] Switched APIC routing to physical x2apic.
[   10.212498] ..TIMER: vector=0x30 apic1=0 pin1=2 apic2=-1 pin2=-1
[   10.394456] smpboot: CPU0: Intel(R) Core(TM) i5-7200U CPU @ 2.50GHz (family: 0x6, model: 0x8e, stepping: 0x9)
[   10.427808] Performance Events: unsupported p6 CPU model 142 no PMU driver, software events only.
[   10.452932] KVM setup paravirtual spinlock
[   10.463110] x86: Booting SMP configuration:
[   10.488754] .... node  #0, CPUs:      #1
[   10.499112] kvm-clock: cpu 1, msr 0:3ffe3041, secondary cpu clock
[   10.555686] mce: CPU supports 0 MCE banks
[   10.560450] x86: Booted up 1 node, 2 CPUs
[   10.594546] smpboot: Total of 2 processors activated (10848.00 BogoMIPS)
[   10.703031] devtmpfs: initialized
[   10.760674] evm: security.selinux
[   10.803937] evm: security.SMACK64
[   10.844467] evm: security.SMACK64EXEC
[   10.871592] evm: security.SMACK64TRANSMUTE
[   10.913441] evm: security.SMACK64MMAP
[   10.937722] evm: security.ima
[   10.966625] evm: security.capability
[   11.000305] clocksource: jiffies: mask: 0xffffffff max_cycles: 0xffffffff, max_idle_ns: 7645041785100000 ns
[   11.142157] futex hash table entries: 512 (order: 3, 32768 bytes)
[   11.220714] pinctrl core: initialized pinctrl subsystem
[   11.252447] RTC time: 14:07:47, date: 10/09/19
[   11.254592] NET: Registered protocol family 16
[   11.272430] cpuidle: using governor ladder
[   11.309139] cpuidle: using governor menu
[   11.341944] PCCT header not found.
[   11.388594] ACPI: bus type PCI registered
[   11.436404] acpiphp: ACPI Hot Plug PCI Controller Driver version: 0.5
[   11.502418] PCI: Using configuration type 1 for base access
[   11.531382] ACPI: Added _OSI(Module Device)
[   11.544405] ACPI: Added _OSI(Processor Device)
[   11.557211] ACPI: Added _OSI(3.0 _SCP Extensions)
[   11.583550] ACPI: Added _OSI(Processor Aggregator Device)
[   11.631366] ACPI: Executed 1 blocks of module-level executable AML code
[   11.642024] ACPI: Interpreter enabled
[   11.648924] ACPI: (supports S0 S5)
[   11.691518] ACPI: Using IOAPIC for interrupt routing
[   11.765378] PCI: Using host bridge windows from ACPI; if necessary, use "pci=nocrs" and report a bug
[   11.869148] ACPI: PCI Root Bridge [PCI0] (domain 0000 [bus 00-ff])
[   11.969936] acpi PNP0A03:00: _OSC: OS supports [ASPM ClockPM Segments MSI]
[   12.052721] acpi PNP0A03:00: _OSC: not requesting OS control; OS requires [ExtendedConfig ASPM ClockPM MSI]
[   12.193652] acpi PNP0A03:00: fail to add MMCONFIG information, can't access extended PCI configuration space under this bridge.
[   12.319797] PCI host bridge to bus 0000:00
[   12.345249] pci_bus 0000:00: root bus resource [io  0x0000-0x0cf7 window]
[   12.386537] pci_bus 0000:00: root bus resource [io  0x0d00-0xffff window]
[   12.420111] pci_bus 0000:00: root bus resource [mem 0x000a0000-0x000bffff window]
[   12.433909] pci_bus 0000:00: root bus resource [mem 0x40000000-0xffdfffff window]
[   12.521830] pci_bus 0000:00: root bus resource [bus 00-ff]
[   12.606095] pci 0000:00:01.1: legacy IDE quirk: reg 0x10: [io  0x01f0-0x01f7]
[   12.627185] pci 0000:00:01.1: legacy IDE quirk: reg 0x14: [io  0x03f6]
[   12.651698] pci 0000:00:01.1: legacy IDE quirk: reg 0x18: [io  0x0170-0x0177]
[   12.677610] pci 0000:00:01.1: legacy IDE quirk: reg 0x1c: [io  0x0376]
[   12.733349] pci 0000:00:07.0: quirk: [io  0x4000-0x403f] claimed by PIIX4 ACPI
[   12.764523] pci 0000:00:07.0: quirk: [io  0x4100-0x410f] claimed by PIIX4 SMB
[   12.806097] ACPI: PCI Interrupt Link [LNKA] (IRQs 5 9 10 *11)
[   12.876203] ACPI: PCI Interrupt Link [LNKB] (IRQs 5 9 10 *11)
[   12.929187] ACPI: PCI Interrupt Link [LNKC] (IRQs 5 9 *10 11)
[   12.959585] ACPI: PCI Interrupt Link [LNKD] (IRQs 5 *9 10 11)
[   13.022127] ACPI: Enabled 2 GPEs in block 00 to 07
[   13.044552] vgaarb: setting as boot device: PCI:0000:00:02.0
[   13.123358] vgaarb: device added: PCI:0000:00:02.0,decodes=io+mem,owns=io+mem,locks=none
[   13.242577] vgaarb: loaded
[   13.276213] vgaarb: bridge control possible 0000:00:02.0
[   13.357210] SCSI subsystem initialized
[   13.407953] ACPI: bus type USB registered
[   13.432836] usbcore: registered new interface driver usbfs
[   13.450956] usbcore: registered new interface driver hub
[   13.474159] usbcore: registered new device driver usb
[   13.482514] PCI: Using ACPI for IRQ routing
[   13.518503] NetLabel: Initializing
[   13.548683] NetLabel:  domain hash size = 128
[   13.592260] NetLabel:  protocols = UNLABELED CIPSOv4
[   13.671940] NetLabel:  unlabeled traffic allowed by default
[   13.759888] amd_nb: Cannot enumerate AMD northbridges
[   13.830660] clocksource: Switched to clocksource kvm-clock
[   13.871168] AppArmor: AppArmor Filesystem Enabled
[   13.873592] pnp: PnP ACPI init
[   13.875992] pnp: PnP ACPI: found 3 devices
[   13.928861] clocksource: acpi_pm: mask: 0xffffff max_cycles: 0xffffff, max_idle_ns: 2085701024 ns
[   13.947584] NET: Registered protocol family 2
[   13.952134] TCP established hash table entries: 8192 (order: 4, 65536 bytes)
[   13.968951] TCP bind hash table entries: 8192 (order: 5, 131072 bytes)
[   13.972445] TCP: Hash tables configured (established 8192 bind 8192)
[   13.979373] UDP hash table entries: 512 (order: 2, 16384 bytes)
[   14.048107] UDP-Lite hash table entries: 512 (order: 2, 16384 bytes)
[   14.212211] NET: Registered protocol family 1
[   14.314261] pci 0000:00:00.0: Limiting direct PCI/PCI transfers
[   14.449644] pci 0000:00:01.0: Activating ISA DMA hang workarounds
[   14.512865] Unpacking initramfs...
[   14.963968] Freeing initrd memory: 14828K
[   15.015870] clocksource: tsc: mask: 0xffffffffffffffff max_cycles: 0x2717868ea45, max_idle_ns: 440795316085 ns
[   15.042752] platform rtc_cmos: registered platform RTC device (no PNP device found)
[   15.062937] Scanning for low memory corruption every 60 seconds
[   15.068635] audit: initializing netlink subsys (disabled)
[   15.071576] audit: type=2000 audit(1570630064.323:1): initialized
[   15.081933] Initialise system trusted keyring
[   15.084195] HugeTLB registered 2 MB page size, pre-allocated 0 pages
[   15.102402] zbud: loaded
[   15.110553] VFS: Disk quotas dquot_6.6.0
[   15.113349] VFS: Dquot-cache hash table entries: 512 (order 0, 4096 bytes)
[   15.123908] squashfs: version 4.0 (2009/01/31) Phillip Lougher
[   15.127546] fuse init (API version 7.23)
[   15.132486] Key type big_key registered
[   15.134077] Allocating IMA MOK and blacklist keyrings.
[   15.141615] Key type asymmetric registered
[   15.162420] Asymmetric key parser 'x509' registered
[   15.172950] Block layer SCSI generic (bsg) driver version 0.4 loaded (major 249)
[   15.191363] io scheduler noop registered
[   15.200453] io scheduler deadline registered (default)
[   15.227878] io scheduler cfq registered
[   15.260583] pci_hotplug: PCI Hot Plug PCI Core version: 0.5
[   15.294447] pciehp: PCI Express Hot Plug Controller Driver version: 0.4
[   15.421123] ACPI: AC Adapter [AC] (off-line)
[   15.492527] input: Power Button as /devices/LNXSYSTM:00/LNXPWRBN:00/input/input0
[   15.589269] ACPI: Power Button [PWRF]
[   15.644182] input: Sleep Button as /devices/LNXSYSTM:00/LNXSLPBN:00/input/input1
[   15.673132] ACPI: Sleep Button [SLPF]
[   15.677449] ACPI: Battery Slot [BAT0] (battery present)
[   15.708830] GHES: HEST is not enabled!
[   15.750428] Serial: 8250/16550 driver, 32 ports, IRQ sharing enabled
[   15.776317] 00:02: ttyS0 at I/O 0x3f8 (irq = 4, base_baud = 115200) is a 16550A
[   15.896570] Linux agpgart interface v0.103
[   15.989430] loop: module loaded
[   16.055282] scsi host0: ata_piix
[   16.096457] scsi host1: ata_piix
[   16.145681] ata1: PATA max UDMA/33 cmd 0x1f0 ctl 0x3f6 bmdma 0xd000 irq 14
[   16.216369] ata2: PATA max UDMA/33 cmd 0x170 ctl 0x376 bmdma 0xd008 irq 15
[   16.227487] libphy: Fixed MDIO Bus: probed
[   16.238612] tun: Universal TUN/TAP device driver, 1.6
[   16.244364] tun: (C) 1999-2004 Max Krasnyansky <maxk@qualcomm.com>
[   16.273416] PPP generic driver version 2.4.2
[   16.278351] ehci_hcd: USB 2.0 'Enhanced' Host Controller (EHCI) Driver
[   16.289946] ehci-pci: EHCI PCI platform driver
[   16.292528] ehci-platform: EHCI generic platform driver
[   16.317914] ohci_hcd: USB 1.1 'Open' Host Controller (OHCI) Driver
[   16.320219] ohci-pci: OHCI PCI platform driver
[   16.322622] ohci-platform: OHCI generic platform driver
[   16.326434] uhci_hcd: USB Universal Host Controller Interface driver
[   16.336936] i8042: PNP: PS/2 Controller [PNP0303:PS2K,PNP0f03:PS2M] at 0x60,0x64 irq 1,12
[   16.371008] serio: i8042 KBD port at 0x60,0x64 irq 1
[   16.430150] serio: i8042 AUX port at 0x60,0x64 irq 12
[   16.478801] mousedev: PS/2 mouse device common for all mice
[   16.552498] rtc_cmos rtc_cmos: rtc core: registered rtc_cmos as rtc0
[   16.629347] input: AT Translated Set 2 keyboard as /devices/platform/i8042/serio0/input/input2
[   16.712120] rtc_cmos rtc_cmos: alarms up to one day, 114 bytes nvram
[   16.712163] i2c /dev entries driver
[   16.712283] device-mapper: uevent: version 1.0.3
[   16.744531] device-mapper: ioctl: 4.34.0-ioctl (2015-10-28) initialised: dm-devel@redhat.com
[   16.744586] ledtrig-cpu: registered to indicate activity on CPUs
[   16.745344] NET: Registered protocol family 10
[   16.745875] NET: Registered protocol family 17
[   16.745901] Key type dns_resolver registered
[   16.746566] registered taskstats version 1
[   16.746612] Loading compiled-in X.509 certificates
[   16.748433] Loaded X.509 cert 'Build time autogenerated kernel key: 0ed82eac04367aa6426493b1389455ebf6830eaa'
[   16.748481] zswap: loaded using pool lzo/zbud
[   16.752647] Key type trusted registered
[   16.761569] Key type encrypted registered
[   16.761591] AppArmor: AppArmor sha1 policy hashing enabled
[   16.761599] ima: No TPM chip found, activating TPM-bypass!
[   16.761610] ima: Allocated hash algorithm: sha1
[   16.761660] evm: HMAC attrs: 0x1
[   16.763211]   Magic number: 7:250:131
[   16.766576] rtc_cmos rtc_cmos: setting system clock to 2019-10-09 14:07:53 UTC (1570630073)
[   16.766823] BIOS EDD facility v0.16 2004-Jun-25, 0 devices found
[   16.766824] EDD information not available.
[   17.512116] Freeing unused kernel memory: 1484K
[   17.631015] Write protecting the kernel read-only data: 14336k
[   17.749129] Freeing unused kernel memory: 1608K
[   17.862921] Freeing unused kernel memory: 64K
Loading, please wait...
starting version 229
[   17.965006] random: systemd-udevd: uninitialized urandom read (16 bytes read, 7 bits of entropy available)
[   17.965991] random: udevadm: uninitialized urandom read (16 bytes read, 7 bits of entropy available)
[   17.966027] random: udevadm: uninitialized urandom read (16 bytes read, 7 bits of entropy available)
[   17.983153] random: udevadm: uninitialized urandom read (16 bytes read, 7 bits of entropy available)
[   17.983239] random: udevadm: uninitialized urandom read (16 bytes read, 7 bits of entropy available)
[   17.983617] random: udevadm: uninitialized urandom read (16 bytes read, 7 bits of entropy available)
[   17.983710] random: udevadm: uninitialized urandom read (16 bytes read, 7 bits of entropy available)
[   17.983803] random: udevadm: uninitialized urandom read (16 bytes read, 7 bits of entropy available)
[   17.983904] random: udevadm: uninitialized urandom read (16 bytes read, 7 bits of entropy available)
[   17.983997] random: udevadm: uninitialized urandom read (16 bytes read, 7 bits of entropy available)
[   18.685494] Fusion MPT base driver 3.04.20
[   18.689581] Copyright (c) 1999-2008 LSI Corporation
[   18.705329] e1000: Intel(R) PRO/1000 Network Driver - version 7.3.21-k8-NAPI
[   18.710973] e1000: Copyright (c) 1999-2006 Intel Corporation.
[   18.764079] AVX version of gcm_enc/dec engaged.
[   18.776450] AES CTR mode by8 optimization enabled
[   18.794023] Fusion MPT SPI Host driver 3.04.20
[   18.949985] input: ImExPS/2 Generic Explorer Mouse as /devices/platform/i8042/serio1/input/input4
[   19.234994] e1000 0000:00:03.0 eth0: (PCI:33MHz:32-bit) 02:0e:9b:2d:5b:92
[   19.360388] e1000 0000:00:03.0 eth0: Intel(R) PRO/1000 Network Connection
[   19.450633] mptbase: ioc0: Initiating bringup
[   19.587933] ioc0: LSI53C1030 A0: Capabilities={Initiator}
[   19.890141] scsi host2: ioc0: LSI53C1030 A0, FwRev=00000000h, Ports=1, MaxQ=256, IRQ=20
[   20.033043] scsi 2:0:0:0: Direct-Access     VBOX     HARDDISK         1.0  PQ: 0 ANSI: 5
[   20.110713] scsi target2:0:0: Beginning Domain Validation
[   20.116386] scsi target2:0:0: Domain Validation skipping write tests
[   20.121410] scsi target2:0:0: Ending Domain Validation
[   20.124449] scsi target2:0:0: asynchronous
[   20.130989] scsi 2:0:1:0: Direct-Access     VBOX     HARDDISK         1.0  PQ: 0 ANSI: 5
[   20.157845] scsi target2:0:1: Beginning Domain Validation
[   20.165168] scsi target2:0:1: Domain Validation skipping write tests
[   20.190439] scsi target2:0:1: Ending Domain Validation
[   20.194168] scsi target2:0:1: asynchronous
[   20.210897] sd 2:0:0:0: Attached scsi generic sg0 type 0
[   20.219899] sd 2:0:0:0: [sda] 20971520 512-byte logical blocks: (10.7 GB/10.0 GiB)
[   20.225423] sd 2:0:0:0: [sda] Write Protect is off
[   20.229817] sd 2:0:1:0: Attached scsi generic sg1 type 0
[   20.240915] sd 2:0:1:0: [sdb] 20480 512-byte logical blocks: (10.5 MB/10.0 MiB)
[   20.247245] sd 2:0:1:0: [sdb] Write Protect is off
[   20.252980] sd 2:0:1:0: [sdb] Incomplete mode parameter data
[   20.252982] sd 2:0:1:0: [sdb] Assuming drive cache: write through
[   20.316377] sd 2:0:0:0: [sda] Incomplete mode parameter data
[   20.318841] sd 2:0:0:0: [sda] Assuming drive cache: write through
[   20.330095]  sda: sda1
[   20.335457] sd 2:0:0:0: [sda] Attached SCSI disk
[   20.342218] sd 2:0:1:0: [sdb] Attached SCSI disk
[   20.484240] e1000 0000:00:08.0 eth1: (PCI:33MHz:32-bit) 08:00:27:3c:c3:68
[   20.550915] e1000 0000:00:08.0 eth1: Intel(R) PRO/1000 Network Connection
[   20.637564] e1000 0000:00:08.0 enp0s8: renamed from eth1
[   20.727267] e1000 0000:00:03.0 enp0s3: renamed from eth0
Begin: Loading e[   22.728398] md: linear personality registered for level -1
ssential drivers ... [   22.757490] md: multipath personality registered for level -4
[   22.893720] md: raid0 personality registered for level 0
[   22.977697] md: raid1 personality registered for level 1
[   23.127175] raid6: sse2x1   gen()  6658 MB/s
[   23.279138] raid6: sse2x1   xor()  4962 MB/s
[   23.374991] raid6: sse2x2   gen()  7020 MB/s
[   23.466898] raid6: sse2x2   xor()  5057 MB/s
[   23.543136] raid6: sse2x4   gen()  7022 MB/s
[   23.619128] raid6: sse2x4   xor()  5230 MB/s
[   23.627766] raid6: using algorithm sse2x4 gen() 7022 MB/s
[   23.638873] raid6: .... xor() 5230 MB/s, rmw enabled
[   23.660850] raid6: using ssse3x2 recovery algorithm
[   23.729672] xor: automatically using best checksumming function:
[   23.831090]    avx       : 15716.000 MB/sec
[   23.902653] async_tx: api initialized (async)
[   23.944449] md: raid6 personality registered for level 6
[   24.007415] md: raid5 personality registered for level 5
[   24.070080] md: raid4 personality registered for level 4
[   24.152233] md: raid10 personality registered for level 10
done.
Begin: Running /scripts/init-premount ... done.
Begin: M[   24.289865] Btrfs loaded
ounting root file system ... Begin: Running /scripts/local-top .[   24.390560] EXT4-fs (sda1): mounted filesystem with ordered data mode. Opts: (null)
.. done.
Begin: Running /scripts/local-premount ... Scanning for Btrfs filesystems
done.
Warning: fsck not present, so skipping root file system
done.
Begin: Running /scripts/local-bottom ... done.
Begin: Running /scripts/init-bottom ... done.
[   24.675434] systemd[1]: systemd 229 running in system mode. (+PAM +AUDIT +SELINUX +IMA +APPARMOR +SMACK +SYSVINIT +UTMP +LIBCRYPTSETUP +GCRYPT +GNUTLS +ACL +XZ -LZ4 +SECCOMP +BLKID +ELFUTILS +KMOD -IDN)
[   24.715451] systemd[1]: Detected virtualization oracle.
[   24.722256] systemd[1]: Detected architecture x86-64.

Welcome to [1mUbuntu 16.04.6 LTS[0m!

[   24.788778] systemd[1]: Set hostname to <ubuntu-xenial>.
[   25.359731] systemd[1]: Listening on LVM2 metadata daemon socket.
[[0;32m  OK  [0m] Listening on LVM2 metadata daemon socket.
[   25.433262] systemd[1]: Set up automount Arbitrary Executable File Formats File System Automount Point.
[[0;32m  OK  [0m] Set up automount Arbitrary Executab...ats File System Automount Point.
[   25.640505] systemd[1]: Listening on Journal Audit Socket.
[[0;32m  OK  [0m] Listening on Journal Audit Socket.
[   25.762337] systemd[1]: Reached target System Time Synchronized.
[[0;32m  OK  [0m] Reached target System Time Synchronized.
[   25.823841] systemd[1]: Reached target Encrypted Volumes.
[[0;32m  OK  [0m] Reached target Encrypted Volumes.
[   25.871622] systemd[1]: Created slice System Slice.
[[0;32m  OK  [0m] Created slice System Slice.
[   25.901631] systemd[1]: Listening on /dev/initctl Compatibility Named Pipe.
[[0;32m  OK  [0m] Listening on /dev/initctl Compatibility Named Pipe.
[   25.935070] systemd[1]: Listening on Syslog Socket.
[[0;32m  OK  [0m] Listening on Syslog Socket.
[   26.003270] systemd[1]: Listening on LVM2 poll daemon socket.
[[0;32m  OK  [0m] Listening on LVM2 poll daemon socket.
[   26.047177] systemd[1]: Started Trigger resolvconf update for networkd DNS.
[[0;32m  OK  [0m] Started Trigger resolvconf update for networkd DNS.
[   26.187969] systemd[1]: Listening on Journal Socket (/dev/log).
[[0;32m  OK  [0m] Listening on Journal Socket (/dev/log).
[   26.391839] systemd[1]: Started Forward Password Requests to Wall Directory Watch.
[[0;32m  OK  [0m] Started Forward Password Requests to Wall Directory Watch.
[   26.608300] systemd[1]: Reached target User and Group Name Lookups.
[[0;32m  OK  [0m] Reached target User and Group Name Lookups.
[   26.768036] systemd[1]: Listening on Device-mapper event daemon FIFOs.
[[0;32m  OK  [0m] Listening on Device-mapper event daemon FIFOs.
[   26.916348] systemd[1]: Listening on udev Kernel Socket.
[[0;32m  OK  [0m] Listening on udev Kernel Socket.
[   27.000639] systemd[1]: Created slice system-serial\x2dgetty.slice.
[[0;32m  OK  [0m] Created slice system-serial\x2dgetty.slice.
[   27.029745] systemd[1]: Created slice User and Session Slice.
[[0;32m  OK  [0m] Created slice User and Session Slice.
[   27.063445] systemd[1]: Reached target Slices.
[[0;32m  OK  [0m] Reached target Slices.
[   27.100397] systemd[1]: Listening on udev Control Socket.
[[0;32m  OK  [0m] Listening on udev Control Socket.
[   27.172243] random: nonblocking pool is initialized
[   27.332376] systemd[1]: Listening on Journal Socket.
[[0;32m  OK  [0m] Listening on Journal Socket.
[   27.499760] systemd[1]: Starting Monitoring of LVM2 mirrors, snapshots etc. using dmeventd or progress polling...
         Starting Monitoring of LVM2 mirrors... dmeventd or progress polling...
[   27.660115] systemd[1]: Starting Set console keymap...
         Starting Set console keymap...
[   27.746984] systemd[1]: Starting Create list of required static device nodes for the current kernel...
         Starting Create list of required st... nodes for the current kernel...
[   27.886215] systemd[1]: Starting Nameserver information manager...
         Starting Nameserver information manager...
[   28.103146] systemd[1]: Mounting POSIX Message Queue File System...
         Mounting POSIX Message Queue File System...
[   28.182971] systemd[1]: Mounting Debug File System...
         Mounting Debug File System...
[   28.235609] systemd[1]: Starting Uncomplicated firewall...
         Starting Uncomplicated firewall...
[   28.315098] systemd[1]: Starting Remount Root and Kernel File Systems...
         Starting Remount Root a[   28.324065] EXT4-fs (sda1): re-mounted. Opts: (null)
nd Kernel File Systems...
[   28.357641] systemd[1]: Starting Load Kernel Modules...
         Startin[   28.370554] Loading iSCSI transport class v2.0-870.
g Load Kernel Mo[   28.450767] iscsi: registered transport (tcp)
dules...
[   28.570992] systemd[1]: Mounting Huge Pages File System...
         Mounting Huge Pages File System...
[   28.626571] iscsi: registered transport (iser)
[   28.651329] systemd[1]: Starting Journal Service...
         Starting Journal Service...
[   28.727054] systemd[1]: Reached target Swap.
[[0;32m  OK  [0m] Reached target Swap.
[   28.881247] systemd[1]: Mounted POSIX Message Queue File System.
[[0;32m  OK  [0m] Mounted POSIX Message Queue File System.
[   29.035888] systemd[1]: Mounted Debug File System.
[[0;32m  OK  [0m] Mounted Debug File System.
[   29.235735] systemd[1]: Mounted Huge Pages File System.
[[0;32m  OK  [0m] Mounted Huge Pages File System.
[   29.339279] systemd[1]: Started Journal Service.
[[0;32m  OK  [0m] Started Journal Service.
[[0;32m  OK  [0m] Started Set console keymap.
[[0;32m  OK  [0m] Started Create list of required sta...ce nodes for the current kernel.
[[0;32m  OK  [0m] Started Uncomplicated firewall.
[[0;32m  OK  [0m] Started Remount Root and Kernel File Systems.
[[0;32m  OK  [0m] Started Load Kernel Modules.
[[0;32m  OK  [0m] Started Nameserver information manager.
[[0;32m  OK  [0m] Started LVM2 metadata daemon.
         Mounting FUSE Control File System...
         Starting Apply Kernel Variables...
         Starting udev Coldplug all Devices...
         Starting Load/Save Random Seed...
         Starting Create Static Device Nodes in /dev...
         Starting Flush Journal to Persistent Storage...
[[0;32m  OK  [0m] Mounted FUSE Control File System.
[[0;32m  OK  [0m] Started Monitoring of LVM2 mirrors,...ng dmeventd or progress polling.
[[0;32m  OK  [0m] Started Apply Kernel Variables.
[[0;32m  OK  [0m] Started Load/Save Random Seed.
[[0;32m  OK  [0m] Started Create Static Device Nodes in /dev.
[[0;32m  OK  [0m] Started udev Coldplug all Devices.
         Starting udev Kernel Device Manager...
[[0;32m  OK  [0m] Reached target Local File Systems (Pre).
[[0;32m  OK  [0m] Reached target Local File Systems.
         Starting LSB: AppArmor initialization...
         Starting Tell Plymouth To Write Out Runtime Data...
         Starting Set console font and keymap...
         Starting Initial cloud-init job (pre-networking)...
[[0;32m  OK  [0m] Started udev Kernel Device Manager.
[[0;32m  OK  [0m] Started Flush Journal to Persistent Storage.
[[0;32m  OK  [0m] Started Tell Plymouth To Write Out Runtime Data.
[[0;32m  OK  [0m] Found device /dev/ttyS0.
[[0;32m  OK  [0m] Started LSB: AppArmor initialization.
[[0;32m  OK  [0m] Listening on Load/Save RF Kill Switch Status /dev/rfkill Watch.
         Starting Create Volatile Files and Directories...
[[0;32m  OK  [0m] Started Dispatch Password Requests to Console Directory Watch.
[[0;32m  OK  [0m] Started Set console font and keymap.
[[0;32m  OK  [0m] Started Create Volatile Files and Directories.
         Starting Update UTMP about System Boot/Shutdown...
[   20.101374] cloud-init[503]: Cloud-init v. 19.2-36-g059d049c-0ubuntu1~16.04.1 running 'init-local' at Wed, 09 Oct 2019 14:08:09 +0000. Up 19.42 seconds.
[[0;32m  OK  [0m] Created slice system-getty.slice.
[[0;32m  OK  [0m] Started Initial cloud-init job (pre-networking).
[[0;32m  OK  [0m] Started Update UTMP about System Boot/Shutdown.
[[0;32m  OK  [0m] Reached target Network (Pre).
[[0;32m  OK  [0m] Started ifup for enp0s3.
         Starting Raise network interfaces...
[[0;32m  OK  [0m] Started Raise network interfaces.
         Starting Initial cloud-init job (metadata service crawler)...
[[0;32m  OK  [0m] Reached target Network.
[   22.368127] cloud-init[988]: Cloud-init v. 19.2-36-g059d049c-0ubuntu1~16.04.1 running 'init' at Wed, 09 Oct 2019 14:08:11 +0000. Up 21.69 seconds.
[   22.453272] cloud-init[988]: ci-info: ++++++++++++++++++++++++++++++++++++++Net device info++++++++++++++++++++++++++++++++++++++
[   22.453697] cloud-init[988]: ci-info: +--------+-------+---------------------------+---------------+--------+-------------------+
[[0;32m  OK  [0m] Started Initial cloud-init job (metadata service crawler).
[   22.453912] cloud-init[988]: ci-info: | Device |   Up  |          Address          |      Mask     | Scope  |     Hw-Address    |
[   22.949160] cloud-init[988]: ci-info: +--------+-------+---------------------------+---------------+--------+-------------------+
[   22.950466] cloud-init[988]: ci-info: | enp0s3 |  True |         10.0.2.15         | 255.255.255.0 | global | 02:0e:9b:2d:5b:92 |[
[0;32m  OK  [0m] Reached target Cloud-config availability.
[   22.951069] cloud-init[988]: ci-info: | enp0s3 |  True | fe80::e:9bff:fe2d:5b92/64 |       .       |  link  | 02:0e:9b:2d:5b:92 |
[   23.208798] cloud-init[988]: ci-info: | enp0s8 | False |             .             |       .       |   .    | 08:00:27:3c:c3:68 |
[   23.210372] cloud-init[988]: ci-info: |   lo   |  True |         127.0.0.1         |   255.0.0.0   |  host  |         .         |
[[0;32m  OK  [0m] Reached target System Initialization.
[   23.211494] cloud-init[988]: ci-info: |   lo   |  True |          ::1/128          |       .       |  host  |         .         |
[   23.572780] cloud-init[988]: ci-info: +--------+-------+---------------------------+---------------+--------+-------------------+
[   23.573446] cloud-init[988]: ci-info: +++++++++++++++++++++++++++Route IPv4 info++++++++++++++++++++++++++++
         Starting Socket activation for snappy daemon.
[   23.573746] cloud-init[988]: ci-info: +-------+-------------+----------+---------------+-----------+-------+
[   23.671629] cloud-init[988]: ci-info: | Route | Destination | Gateway  |    Genmask    | Interface | Flags |
[[0;32m  OK  [0m] Listening on D-Bus System Message Bus Socket.
[   23.671953] cloud-init[988]: ci-info: +-------+-------------+----------+---------------+-----------+-------+
[   24.136883] cloud-init[988]: ci-info: |   0   |   0.0.0.0   | 10.0.2.2 |    0.0.0.0    |   enp0s3  |   UG  |
[   24.138342] cloud-init[988]: ci-info: |   1   |   10.0.2.0  | 0.0.0.0  | 255.255.255.0 |   enp0s3  |   U   |
[[0;32m  OK  [0m] Started Daily apt download activities.
[[   24.138955] cloud-init[988]: ci-info: +-------+-------------+----------+---------------+-----------+-------+
[   24.332564] cloud-init[0;32m  OK  [0m[988]: ] ci-info: +++++++++++++++++++Route IPv6 info+++++++++++++++++++Started Daily apt upgrade and clean activities.

[   24.333278] cloud-init[988]: ci-info: +-------+-------------+---------+-----------+-------+
[   24.471008] cloud-init[988]: ci-info: | Route | Destination | Gateway | Interface | Flags |
[[0;32m  OK  [0m] Started Daily Cleanup of Temporary Directories.
[[   24.471603] cloud-init[988]: ci-info: +-------+-------------+---------+-----------+-------+
[   24.723295] cloud-init[988]: ci-info: |   0   |  fe80::/64  |    ::   |   enp0s3  |   U   |
[0;32m  OK  [0m] Reached target Timers.
[[   24.724168] cloud-init[988]: ci-info: |   4   |   ff00::/8  |    ::   |   enp0s3  |   U   |
[   24.821992] cloud-init[988]: ci-info: +-------+-------------+---------+-----------+-------+
[0;32m  OK  [0m] Listening on UUID daemon activation socket.
[[0;32m  OK  [0m] Listening on ACPID Listen Socket.
[[0;32m  OK  [0m] Started ACPI Events Check.
[[0;32m  OK  [0m] Reached target Paths.
         Starting LXD - unix socket.
[[0;32m  OK  [0m] Reached target Network is Online.
         Starting iSCSI initiator daemon (iscsid)...
[[0;32m  OK  [0m] Listening on Socket activation for snappy daemon.
[[0;32m  OK  [0m] Listening on LXD - unix socket.
[[0;32m  OK  [0m] Started iSCSI initiator daemon (iscsid).
         Starting Login to default iSCSI targets...
[[0;32m  OK  [0m] Reached target Sockets.
[[0;32m  OK  [0m] Reached target Basic System.
         Starting A high performance web server and a reverse proxy server...
         Starting Accounts Service...
         Starting Virtualbox guest utils...
[[0;32m  OK  [0m] Started D-Bus System Message Bus.
         Starting OpenBSD Secure Shell server...
         Starting LSB: Record successful boot for GRUB...
         Starting /etc/rc.local Compatibility...
         Starting Login Service...
         Starting LSB: MD monitoring daemon...
[[0;32m  OK  [0m] Started Deferred execution scheduler.
[[0;32m  OK  [0m] Started ACPI event daemon.
[[0;32m  OK  [0m] Started FUSE filesystem for LXC.
         Starting LXD - container startup/shutdown...
         Starting System Logging Service...
[[0;32m  OK  [0m] Started Regular background program processing daemon.
         Starting Snappy daemon...
[[0;32m  OK  [0m] Started System Logging Service.
[[0;32m  OK  [0m] Started /etc/rc.local Compatibility.
[[0;32m  OK  [0m] Started LXD - container startup/shutdown.
[[0;32m  OK  [0m] Started A high performance web server and a reverse proxy server.
[[0;32m  OK  [0m] Started OpenBSD Secure Shell server.
[[0;32m  OK  [0m] Started Snappy daemon.
[[0;32m  OK  [0m] Started Login to default iSCSI targets.
[[0;32m  OK  [0m] Started LSB: Record successful boot for GRUB.
[[0;32m  OK  [0m] Started Virtualbox guest utils.
[[0;32m  OK  [0m] Started LSB: MD monitoring daemon.
         Starting Authenticate and Authorize Users to Run Privileged Tasks...
[[0;32m  OK  [0m] Reached target Remote File Systems (Pre).
[[0;32m  OK  [0m] Reached target Remote File Systems.
         Starting LSB: Set the CPU Frequency Scaling governor to "ondemand"...
         Starting LSB: daemon to balance interrupts for SMP systems...
         Starting LSB: automatic crash report generation...
         Starting Permit User Sessions...
         Starting Wait until snapd is fully seeded...
[[0;32m  OK  [0m] Started Permit User Sessions.
[[0;32m  OK  [0m] Started Wait until snapd is fully seeded.
[[0;32m  OK  [0m] Started Login Service.
[[0;32m  OK  [0m] Started Authenticate and Authorize Users to Run Privileged Tasks.
[[0;32m  OK  [0m] Started Accounts Service.
[[0;32m  OK  [0m] Started LSB: Set the CPU Frequency Scaling governor to "ondemand".
[[0;32m  OK  [0m] Started LSB: daemon to balance interrupts for SMP systems.
[[0;32m  OK  [0m] Started Unattended Upgrades Shutdown.
         Starting Apply the settings specified in cloud-config...
         Starting Hold until boot process finishes up...
         Starting Terminate Plymouth Boot Screen...
[[0;32m  OK  [0m] Started LSB: automatic crash report generation.
[[0;32m  OK  [0m] Started Hold until boot process finishes up.
[[0;32m  OK  [0m] Started Terminate Plymouth Boot Screen.
[[0;32m  OK  [0m] Created slice User Slice of vagrant.
         Starting User Manager for UID 1000...
[[0;32m  OK  [0m] Started Session 1 of user vagrant.
[[0;32m  OK  [0m] Started Serial Getty on ttyS0.
         Starting Set console scheme...
[[0;32m  OK  [0m] Started Getty on tty1.
[[0;32m  OK  [0m] Reached target Login Prompts.
[[0;32m  OK  [0m] Reached target Multi-User System.
[[0;32m  OK  [0m] Reached target Graphical Interface.
         Starting Update UTMP about System Runlevel Changes...
[[0;32m  OK  [0m] Started User Manager for UID 1000.
[[0;32m  OK  [0m] Started Set console scheme.
[[0;32m  OK  [0m] Started Update UTMP about System Runlevel Changes.
[   29.444401] cloud-init[1243]: Cloud-init v. 19.2-36-g059d049c-0ubuntu1~16.04.1 running 'modules:config' at Wed, 09 Oct 2019 14:08:19 +0000. Up 29.21 seconds.
[[0;32m  OK  [0m] Started Apply the settings specified in cloud-config.
         Starting Execute cloud user/final scripts...
[   30.615160] cloud-init[1306]: Cloud-init v. 19.2-36-g059d049c-0ubuntu1~16.04.1 running 'modules:final' at Wed, 09 Oct 2019 14:08:20 +0000. Up 30.33 seconds.
[   30.661871] cloud-init[1306]: Cloud-init v. 19.2-36-g059d049c-0ubuntu1~16.04.1 finished at Wed, 09 Oct 2019 14:08:20 +0000. Datasource DataSourceNoCloud [seed=/dev/sdb][dsmode=net].  Up 30.59 seconds
         Stopping User Manager for UID 1000...
[[0;32m  OK  [0m] Stopped User Manager for UID 1000.
[[0;32m  OK  [0m] Removed slice User Slice of vagrant.
[[0;32m  OK  [0m] Started Execute cloud user/final scripts.
[[0;32m  OK  [0m] Reached target Cloud-init target.

Ubuntu 16.04.6 LTS ubuntu-xenial ttyS0

ubuntu-xenial login: 